../Core/Src/main.c:82:5:main	24	static
../Core/Src/main.c:147:6:HAL_TIM_PeriodElapsedCallback	16	static
../Core/Src/main.c:154:6:SystemClock_Config	88	static
../Core/Src/main.c:199:6:PeriphCommonClock_Config	32	static
../Core/Src/main.c:220:13:MX_I2C1_Init	8	static
../Core/Src/main.c:254:13:MX_I2S2_Init	8	static
../Core/Src/main.c:288:13:MX_I2S3_Init	8	static
../Core/Src/main.c:322:13:MX_SPI1_Init	8	static
../Core/Src/main.c:360:13:MX_TIM2_Init	32	static
../Core/Src/main.c:405:13:MX_TIM4_Init	48	static
../Core/Src/main.c:454:13:MX_GPIO_Init	56	static
../Core/Src/main.c:530:6:Error_Handler	4	static,ignoring_inline_asm
