../Core/Src/main.c:87:5:main	8	static
../Core/Src/main.c:146:6:SystemClock_Config	88	static
../Core/Src/main.c:191:6:PeriphCommonClock_Config	32	static
../Core/Src/main.c:212:13:MX_ADC1_Init	24	static
../Core/Src/main.c:264:13:MX_I2C1_Init	8	static
../Core/Src/main.c:298:13:MX_I2S2_Init	8	static
../Core/Src/main.c:332:13:MX_I2S3_Init	8	static
../Core/Src/main.c:366:13:MX_SPI1_Init	8	static
../Core/Src/main.c:404:13:MX_TIM2_Init	48	static
../Core/Src/main.c:453:13:MX_TIM4_Init	64	static
../Core/Src/main.c:510:13:MX_DMA_Init	16	static
../Core/Src/main.c:528:13:MX_GPIO_Init	56	static
../Core/Src/main.c:597:6:HAL_ADC_ConvCpltCallback	16	static
../Core/Src/main.c:610:6:Error_Handler	4	static,ignoring_inline_asm
